// Jest Snapshot v1, https://goo.gl/fbAQLP

exports[`Collections - static tests Check that all experimental features are implemented 1`] = `[]`;

exports[`Collections - static tests Check that all experimental functions are implemented 1`] = `[]`;

exports[`Collections - static tests Check that all released features are implemented 1`] = `[]`;

exports[`Collections - static tests Check that every function lists at least the interfaces of the functions it states to implemenst 1`] = `[]`;

exports[`Collections - static tests Check that every function lists at least the interfaces of the functions it states to implemenst 2`] = `[]`;

exports[`Collections - static tests Check that every function lists at least the interfaces of the functions it states to implemenst 3`] = `[]`;

exports[`Collections - static tests Check that every function lists at least the interfaces of the functions it states to implemenst 4`] = `[]`;

exports[`Collections - static tests Check that every function lists at least the interfaces of the functions it states to implemenst 5`] = `[]`;

exports[`Collections - static tests Check that every function lists at least the interfaces of the functions it states to implemenst 6`] = `[]`;

exports[`Collections - static tests Check that every function lists at least the interfaces of the functions it states to implemenst 7`] = `[]`;

exports[`Collections - static tests Check that every function lists at least the interfaces of the functions it states to implemenst 8`] = `[]`;

exports[`Collections - static tests Check that every function lists at least the interfaces of the functions it states to implemenst 9`] = `[]`;

exports[`Collections - static tests Check that every function lists at least the interfaces of the functions it states to implemenst 10`] = `[]`;

exports[`Collections - static tests Check that every function lists at least the interfaces of the functions it states to implemenst 11`] = `[]`;

exports[`Collections - static tests Check that every function lists at least the interfaces of the functions it states to implemenst 12`] = `[]`;

exports[`Collections - static tests Check that every function lists at least the interfaces of the functions it states to implemenst 13`] = `[]`;

exports[`Collections - static tests Check that every function lists at least the interfaces of the functions it states to implemenst 14`] = `[]`;

exports[`Collections - static tests Check that every function lists at least the interfaces of the functions it states to implemenst 15`] = `[]`;

exports[`Collections - static tests Check that every function lists at least the interfaces of the functions it states to implemenst 16`] = `[]`;

exports[`Collections - static tests Check that every function lists at least the interfaces of the functions it states to implemenst 17`] = `[]`;

exports[`Collections - static tests Check that every function lists at least the interfaces of the functions it states to implemenst 18`] = `[]`;

exports[`Collections - static tests Check that every function lists at least the interfaces of the functions it states to implemenst 19`] = `[]`;

exports[`Collections - static tests Check that every function lists at least the interfaces of the functions it states to implemenst 20`] = `[]`;

exports[`Collections - static tests Check that every function lists at least the interfaces of the functions it states to implemenst 21`] = `[]`;

exports[`Collections - static tests Check that every function lists at least the interfaces of the functions it states to implemenst 22`] = `[]`;

exports[`Collections - static tests Check that every function lists at least the interfaces of the functions it states to implemenst 23`] = `[]`;

exports[`Collections - static tests Check that every function lists at least the interfaces of the functions it states to implemenst 24`] = `[]`;

exports[`Collections - static tests Check that every function lists at least the interfaces of the functions it states to implemenst 25`] = `[]`;

exports[`Collections - static tests Check that every function lists at least the interfaces of the functions it states to implemenst 26`] = `[]`;

exports[`Collections - static tests Check that every function lists at least the interfaces of the functions it states to implemenst 27`] = `[]`;

exports[`Collections - static tests Check that every function lists at least the interfaces of the functions it states to implemenst 28`] = `[]`;

exports[`Collections - static tests Check that every function lists at least the interfaces of the functions it states to implemenst 29`] = `[]`;

exports[`Collections - static tests Check that every function lists at least the interfaces of the functions it states to implemenst 30`] = `[]`;

exports[`Collections - static tests Check that every function lists at least the interfaces of the functions it states to implemenst 31`] = `[]`;

exports[`Collections - static tests Check that every function lists at least the interfaces of the functions it states to implemenst 32`] = `[]`;

exports[`Collections - static tests Check that every function lists at least the interfaces of the functions it states to implemenst 33`] = `[]`;

exports[`Collections - static tests Check that every function lists at least the interfaces of the functions it states to implemenst 34`] = `[]`;

exports[`Collections - static tests Check that every function lists at least the interfaces of the functions it states to implemenst 35`] = `[]`;

exports[`Collections - static tests Check that every function lists at least the interfaces of the functions it states to implemenst 36`] = `[]`;

exports[`Collections - static tests Check that every function lists at least the interfaces of the functions it states to implemenst 37`] = `[]`;

exports[`Collections - static tests Check that every function lists at least the interfaces of the functions it states to implemenst 38`] = `[]`;

exports[`Collections - static tests Check that every function lists at least the interfaces of the functions it states to implemenst 39`] = `[]`;

exports[`Collections - static tests Check that every function lists at least the interfaces of the functions it states to implemenst 40`] = `[]`;

exports[`Collections - static tests Check that every function lists at least the interfaces of the functions it states to implemenst 41`] = `[]`;

exports[`Collections - static tests Check that every function lists at least the interfaces of the functions it states to implemenst 42`] = `[]`;

exports[`Collections - static tests Check that every function lists at least the interfaces of the functions it states to implemenst 43`] = `[]`;

exports[`Collections - static tests Check that every function lists at least the interfaces of the functions it states to implemenst 44`] = `[]`;

exports[`Collections - static tests Check that every function lists at least the interfaces of the functions it states to implemenst 45`] = `[]`;

exports[`Collections - static tests Check that every function lists at least the interfaces of the functions it states to implemenst 46`] = `[]`;

exports[`Collections - static tests Check that every function lists at least the interfaces of the functions it states to implemenst 47`] = `[]`;

exports[`Collections - static tests Check that every function lists at least the interfaces of the functions it states to implemenst 48`] = `[]`;

exports[`Collections - static tests Check that every function lists at least the interfaces of the functions it states to implemenst 49`] = `[]`;

exports[`Collections - static tests Check that every function lists at least the interfaces of the functions it states to implemenst 50`] = `[]`;

exports[`Collections - static tests Check that every function lists at least the interfaces of the functions it states to implemenst 51`] = `[]`;

exports[`Collections - static tests Check that every function lists at least the interfaces of the functions it states to implemenst 52`] = `[]`;

exports[`Collections - static tests Check that every function lists at least the interfaces of the functions it states to implemenst 53`] = `[]`;

exports[`Collections - static tests Check that every function lists at least the interfaces of the functions it states to implemenst 54`] = `[]`;

exports[`Collections - static tests Check that every function lists at least the interfaces of the functions it states to implemenst 55`] = `[]`;

exports[`Collections - static tests Check that every function lists at least the interfaces of the functions it states to implemenst 56`] = `[]`;

exports[`Collections - static tests Check that every function lists at least the interfaces of the functions it states to implemenst 57`] = `[]`;

exports[`Collections - static tests Check that every function lists at least the interfaces of the functions it states to implemenst 58`] = `[]`;

exports[`Collections - static tests Check that every function lists at least the interfaces of the functions it states to implemenst 59`] = `[]`;

exports[`Collections - static tests Check that every function lists at least the interfaces of the functions it states to implemenst 60`] = `[]`;

exports[`Collections - static tests Check that every function lists at least the interfaces of the functions it states to implemenst 61`] = `[]`;

exports[`Collections - static tests Check that every function lists at least the interfaces of the functions it states to implemenst 62`] = `[]`;

exports[`Collections - static tests Check that every function lists at least the interfaces of the functions it states to implemenst 63`] = `[]`;

exports[`Collections - static tests Check that every function lists at least the interfaces of the functions it states to implemenst 64`] = `[]`;

exports[`Collections - static tests Check that every function lists at least the interfaces of the functions it states to implemenst 65`] = `[]`;

exports[`Collections - static tests Check that every function lists at least the interfaces of the functions it states to implemenst 66`] = `[]`;

exports[`Collections - static tests Check that every function lists at least the interfaces of the functions it states to implemenst 67`] = `[]`;

exports[`Collections - static tests Check that every function lists at least the interfaces of the functions it states to implemenst 68`] = `[]`;

exports[`Collections - static tests Check that every function lists at least the interfaces of the functions it states to implemenst 69`] = `[]`;

exports[`Collections - static tests Check that every function lists at least the interfaces of the functions it states to implemenst 70`] = `[]`;

exports[`Collections - static tests Check that every function lists at least the interfaces of the functions it states to implemenst 71`] = `[]`;

exports[`Collections - static tests Check that every function lists at least the interfaces of the functions it states to implemenst 72`] = `[]`;

exports[`Collections - static tests Check that every function lists at least the interfaces of the functions it states to implemenst 73`] = `[]`;

exports[`Collections - static tests Check that every function lists at least the interfaces of the functions it states to implemenst 74`] = `[]`;

exports[`Collections - static tests Check that every function lists at least the interfaces of the functions it states to implemenst 75`] = `[]`;

exports[`Collections - static tests Check that every function lists at least the interfaces of the functions it states to implemenst 76`] = `[]`;

exports[`Collections - static tests Check that every function lists at least the interfaces of the functions it states to implemenst 77`] = `[]`;

exports[`Collections - static tests Check that every function lists at least the interfaces of the functions it states to implemenst 78`] = `[]`;

exports[`Collections - static tests Check that every function lists at least the interfaces of the functions it states to implemenst 79`] = `[]`;

exports[`Collections - static tests Check that every function lists at least the interfaces of the functions it states to implemenst 80`] = `[]`;

exports[`Collections - static tests Check that every function lists at least the interfaces of the functions it states to implemenst 81`] = `[]`;

exports[`Collections - static tests Check that every function lists at least the interfaces of the functions it states to implemenst 82`] = `[]`;

exports[`Collections - static tests Check that every function lists at least the interfaces of the functions it states to implemenst 83`] = `[]`;

exports[`Collections - static tests Check that every function lists at least the interfaces of the functions it states to implemenst 84`] = `[]`;

exports[`Collections - static tests Check that every function lists at least the interfaces of the functions it states to implemenst 85`] = `[]`;

exports[`Collections - static tests Check that every function lists at least the interfaces of the functions it states to implemenst 86`] = `[]`;

exports[`Collections - static tests Check that every function lists at least the interfaces of the functions it states to implemenst 87`] = `[]`;

exports[`Collections - static tests Check that every function lists at least the interfaces of the functions it states to implemenst 88`] = `[]`;

exports[`Collections - static tests Check that every function lists at least the interfaces of the functions it states to implemenst 89`] = `[]`;

exports[`Collections - static tests Check that every function lists at least the interfaces of the functions it states to implemenst 90`] = `[]`;

exports[`Collections - static tests Check that every function lists at least the interfaces of the functions it states to implemenst 91`] = `[]`;

exports[`Collections - static tests Check that every function lists at least the interfaces of the functions it states to implemenst 92`] = `[]`;
